http://deeplabcut.rowland.harvard.edu/datasets/animal_ytVOS_images/bear/1de4a9e537_frame015.png
http://deeplabcut.rowland.harvard.edu/datasets/animal_ytVOS_images/bear/1f64955634_frame015.png
http://deeplabcut.rowland.harvard.edu/datasets/animal_ytVOS_images/bear/2feb30f208_frame015.png
http://deeplabcut.rowland.harvard.edu/datasets/animal_ytVOS_images/bear/4f824d3dcd_frame015.png
http://deeplabcut.rowland.harvard.edu/datasets/animal_ytVOS_images/bear/6b2261888d_frame015.png
http://deeplabcut.rowland.harvard.edu/datasets/animal_ytVOS_images/bear/6c9d29d509_frame015.png
http://deeplabcut.rowland.harvard.edu/datasets/animal_ytVOS_images/bear/52355da42f_frame015.png
http://deeplabcut.rowland.harvard.edu/datasets/animal_ytVOS_images/bear/a973f239cd_frame015.png
http://deeplabcut.rowland.harvard.edu/datasets/animal_ytVOS_images/bear/ad397527b2_frame015.png
http://deeplabcut.rowland.harvard.edu/datasets/animal_ytVOS_images/bear/aed4e0b4c4_frame015.png
http://deeplabcut.rowland.harvard.edu/datasets/animal_ytVOS_images/bear/ce25872021_frame015.png
http://deeplabcut.rowland.harvard.edu/datasets/animal_ytVOS_images/bear/de6a9382ca_frame015.png
http://deeplabcut.rowland.harvard.edu/datasets/animal_ytVOS_images/bear/de36b216da_frame015.png
http://deeplabcut.rowland.harvard.edu/datasets/animal_ytVOS_images/bear/ef0061a309_frame015.png
http://deeplabcut.rowland.harvard.edu/datasets/animal_ytVOS_images/bear/fb5ba7ad6e_frame015.png
http://deeplabcut.rowland.harvard.edu/datasets/animal_ytVOS_images/cat/0a7a2514aa_frame015.png
http://deeplabcut.rowland.harvard.edu/datasets/animal_ytVOS_images/cat/3f3b15f083_frame015.png
http://deeplabcut.rowland.harvard.edu/datasets/animal_ytVOS_images/cat/5c7668855e_frame015.png
http://deeplabcut.rowland.harvard.edu/datasets/animal_ytVOS_images/cat/7e2f212fd3_frame015.png
http://deeplabcut.rowland.harvard.edu/datasets/animal_ytVOS_images/cat/8d4ab94e1c_frame015.png
http://deeplabcut.rowland.harvard.edu/datasets/animal_ytVOS_images/cat/8eb0d315c1_frame015.png
http://deeplabcut.rowland.harvard.edu/datasets/animal_ytVOS_images/cat/69f0af42a6_frame015.png
http://deeplabcut.rowland.harvard.edu/datasets/animal_ytVOS_images/cat/1187bbd0e3_frame015.png
http://deeplabcut.rowland.harvard.edu/datasets/animal_ytVOS_images/cat/ad573f7d31_frame015.png
http://deeplabcut.rowland.harvard.edu/datasets/animal_ytVOS_images/cat/b96c57d2c7_frame015.png
http://deeplabcut.rowland.harvard.edu/datasets/animal_ytVOS_images/cat/bf961167a6_frame015.png
http://deeplabcut.rowland.harvard.edu/datasets/animal_ytVOS_images/cat/cd47a23e31_frame015.png
http://deeplabcut.rowland.harvard.edu/datasets/animal_ytVOS_images/cat/d6c1b5749e_frame015.png
http://deeplabcut.rowland.harvard.edu/datasets/animal_ytVOS_images/cat/ec1299aee4_frame015.png
http://deeplabcut.rowland.harvard.edu/datasets/animal_ytVOS_images/cat/eeed0c7d73_frame015.png
http://deeplabcut.rowland.harvard.edu/datasets/animal_ytVOS_images/dog/0d97fba242_frame015.png
http://deeplabcut.rowland.harvard.edu/datasets/animal_ytVOS_images/dog/6acc6049d9_frame015.png
http://deeplabcut.rowland.harvard.edu/datasets/animal_ytVOS_images/dog/6c99ea7c31_frame015.png
http://deeplabcut.rowland.harvard.edu/datasets/animal_ytVOS_images/dog/6ecad29e52_frame015.png
http://deeplabcut.rowland.harvard.edu/datasets/animal_ytVOS_images/dog/8a4a2fc105_frame015.png
http://deeplabcut.rowland.harvard.edu/datasets/animal_ytVOS_images/dog/8b518ee936_frame015.png
http://deeplabcut.rowland.harvard.edu/datasets/animal_ytVOS_images/dog/8e478e73f3_frame015.png
http://deeplabcut.rowland.harvard.edu/datasets/animal_ytVOS_images/dog/9b22b54ee4_frame015.png
http://deeplabcut.rowland.harvard.edu/datasets/animal_ytVOS_images/dog/9b473fc8fe_frame015.png
http://deeplabcut.rowland.harvard.edu/datasets/animal_ytVOS_images/dog/19e8bc6178_frame015.png
http://deeplabcut.rowland.harvard.edu/datasets/animal_ytVOS_images/dog/30dbdb2cd6_frame015.png
http://deeplabcut.rowland.harvard.edu/datasets/animal_ytVOS_images/dog/49fbf0c98a_frame015.png
http://deeplabcut.rowland.harvard.edu/datasets/animal_ytVOS_images/dog/65ab7e1d98_frame015.png
http://deeplabcut.rowland.harvard.edu/datasets/animal_ytVOS_images/dog/73c6ae7711_frame015.png
http://deeplabcut.rowland.harvard.edu/datasets/animal_ytVOS_images/dog/80c4a94706_frame015.png
http://deeplabcut.rowland.harvard.edu/datasets/animal_ytVOS_images/dog/86a8ae4223_frame015.png
http://deeplabcut.rowland.harvard.edu/datasets/animal_ytVOS_images/dog/247d729e36_frame015.png
http://deeplabcut.rowland.harvard.edu/datasets/animal_ytVOS_images/dog/823e7a86e8_frame015.png
http://deeplabcut.rowland.harvard.edu/datasets/animal_ytVOS_images/dog/868d6a0685_frame015.png
http://deeplabcut.rowland.harvard.edu/datasets/animal_ytVOS_images/dog/2465bf515d_frame015.png
http://deeplabcut.rowland.harvard.edu/datasets/animal_ytVOS_images/dog/47269e0499_frame015.png
http://deeplabcut.rowland.harvard.edu/datasets/animal_ytVOS_images/dog/49972c2d14_frame015.png
http://deeplabcut.rowland.harvard.edu/datasets/animal_ytVOS_images/dog/72690ef572_frame015.png
http://deeplabcut.rowland.harvard.edu/datasets/animal_ytVOS_images/dog/aa45f1caaf_frame015.png
http://deeplabcut.rowland.harvard.edu/datasets/animal_ytVOS_images/dog/b0df7c5c5c_frame015.png
http://deeplabcut.rowland.harvard.edu/datasets/animal_ytVOS_images/dog/b72ac6e10b_frame015.png
http://deeplabcut.rowland.harvard.edu/datasets/animal_ytVOS_images/dog/bb337f9830_frame015.png
http://deeplabcut.rowland.harvard.edu/datasets/animal_ytVOS_images/dog/bda224cb25_frame015.png
http://deeplabcut.rowland.harvard.edu/datasets/animal_ytVOS_images/dog/c0e8d4635c_frame015.png
http://deeplabcut.rowland.harvard.edu/datasets/animal_ytVOS_images/dog/c7a1a17308_frame015.png
http://deeplabcut.rowland.harvard.edu/datasets/animal_ytVOS_images/dog/c52bce43db_frame015.png
http://deeplabcut.rowland.harvard.edu/datasets/animal_ytVOS_images/dog/c2406ae462_frame015.png
http://deeplabcut.rowland.harvard.edu/datasets/animal_ytVOS_images/dog/caecf0a5db_frame015.png
http://deeplabcut.rowland.harvard.edu/datasets/animal_ytVOS_images/dog/d292a50c7f_frame015.png
http://deeplabcut.rowland.harvard.edu/datasets/animal_ytVOS_images/dog/dd9fe6c6ac_frame015.png
http://deeplabcut.rowland.harvard.edu/datasets/animal_ytVOS_images/dog/e23cca5244_frame015.png
http://deeplabcut.rowland.harvard.edu/datasets/animal_ytVOS_images/dog/ed8f814b2b_frame015.png
http://deeplabcut.rowland.harvard.edu/datasets/animal_ytVOS_images/dog/fcfd81727f_frame015.png